Microchip MPLAB XC8 Compiler V1.45 ()

Linker command line:

-W-3 --edf=C:\Program Files (x86)\Microchip\xc8\v1.45\dat\en_msgs.txt -cs \
  -h+dist/default/production\SAMOTEST.X.production.sym \
  --cmf=dist/default/production\SAMOTEST.X.production.cmf -z -Q18F46K22 \
  -oC:\Users\vyvoj\AppData\Local\Temp\s7ls.2 \
  -Mdist/default/production/SAMOTEST.X.production.map -E1 -ver=XC8 \
  -ASTACK=084h-0f37h -pstack=STACK -ACODE=00h-0FFFFh -ACONST=00h-0FFFFh \
  -ASMALLCONST=01000h-010FFhx240 -AMEDIUMCONST=01000h-0FFFFh \
  -ACOMRAM=01h-05Fh -AABS1=00h-0F37h -ABIGRAM=01h-0F37h \
  -ARAM=060h-0FFh,0100h-01FFhx14,0F00h-0F37h -ABANK0=060h-0FFh \
  -ABANK1=0100h-01FFh -ABANK2=0200h-02FFh -ABANK3=0300h-03FFh \
  -ABANK4=0400h-04FFh -ABANK5=0500h-05FFh -ABANK6=0600h-06FFh \
  -ABANK7=0700h-07FFh -ABANK8=0800h-08FFh -ABANK9=0900h-09FFh \
  -ABANK10=0A00h-0AFFh -ABANK11=0B00h-0BFFh -ABANK12=0C00h-0CFFh \
  -ABANK13=0D00h-0DFFh -ABANK14=0E00h-0EFFh -ABANK15=0F00h-0F37h \
  -ASFR=0F38h-0F5Fh,0F60h-0FFFh \
  -preset_vec=00h,intcode=08h,intcodelo,powerup,init -pramtop=01000h \
  -psmallconst=SMALLCONST -pmediumconst=MEDIUMCONST -pconst=CONST \
  -AFARRAM=00h-00h -ACONFIG=0300000h-030000Dh -pconfig=CONFIG \
  -AIDLOC=0200000h-0200007h -pidloc=IDLOC -AEEDATA=0F00000h-0F003FFh \
  -peeprom_data=EEDATA \
  -prdata=COMRAM,nvrram=COMRAM,nvbit=COMRAM,rbss=COMRAM,rbit=COMRAM \
  -pfarbss=FARRAM,fardata=FARRAM,nvFARRAM=FARRAM \
  -pintsave_regs=BIGRAM,bigbss=BIGRAM,bigdata=BIGRAM -pbss=RAM \
  -pidata=CODE,irdata=CODE,ibigdata=CODE,ifardata=CODE -prparam=COMRAM \
  C:\Users\vyvoj\AppData\Local\Temp\s7ls.obj \
  dist/default/production\SAMOTEST.X.production.obj 

Object code version is 3.11

Machine type is 18F46K22

Call graph: (short form)




                Name                               Link     Load   Length Selector   Space Scale
C:\Users\vyvoj\AppData\Local\Temp\s7ls.obj
                init                                1A0      1A0        4        4       0
                reset_vec                             0        0        4        0       0
                idloc                            200000   200000        8   200000       0
                config                           300000   300000        E   300000       0
dist/default/production\SAMOTEST.X.production.obj
                intcode                               8        8      198        4       0
                temp                                 52       52        1        1       1
                smallconst                         1000     1000       1C      800       0
                text11                             1592     1592       AE      80E       0
                text10                             101C     101C      1AC      80E       0
                text9                              13B8     13B8       F4      80E       0
                text8                              12C4     12C4       F4      80E       0
                text7                              1788     1788       24      80E       0
                text5                              16C2     16C2       72      80E       0
                text4                              11C8     11C8       FC      80E       0
                text3                              1734     1734       54      80E       0
                text2                              17CE     17CE        E      80E       0
                text1                              14AC     14AC       E6      80E       0
                text0                              1640     1640       82      80E       0
                cstackCOMRAM                          1        1       47        1       1
                cstackBANK0                          60       60       19       60       1
                bssBANK0                             79       79        B       60       1
                bssCOMRAM                            48       48        A        1       1
                cinit                              17AC     17AC       22      80E       0

TOTAL           Name                               Link     Load   Length     Space
        CLASS   STACK          

        CLASS   CODE           
                intcode                               8        8      198         0
                init                                1A0      1A0        4         0
                reset_vec                             0        0        4         0
                text11                             1592     1592       AE         0
                text10                             101C     101C      1AC         0
                text9                              13B8     13B8       F4         0
                text8                              12C4     12C4       F4         0
                text7                              1788     1788       24         0
                text5                              16C2     16C2       72         0
                text4                              11C8     11C8       FC         0
                text3                              1734     1734       54         0
                text2                              17CE     17CE        E         0
                text1                              14AC     14AC       E6         0
                text0                              1640     1640       82         0
                cinit                              17AC     17AC       22         0

        CLASS   CONST          

        CLASS   SMALLCONST     
                smallconst                         1000     1000       1C         0

        CLASS   MEDIUMCONST    

        CLASS   COMRAM         
                temp                                 52       52        1         1
                cstackCOMRAM                          1        1       47         1
                bssCOMRAM                            48       48        A         1

        CLASS   ABS1           

        CLASS   BIGRAM         

        CLASS   RAM            

        CLASS   BANK0          
                cstackBANK0                          60       60       19         1
                bssBANK0                             79       79        B         1

        CLASS   BANK1          

        CLASS   BANK2          

        CLASS   BANK3          

        CLASS   BANK4          

        CLASS   BANK5          

        CLASS   BANK6          

        CLASS   BANK7          

        CLASS   BANK8          

        CLASS   BANK9          

        CLASS   BANK10         

        CLASS   BANK11         

        CLASS   BANK12         

        CLASS   BANK13         

        CLASS   BANK14         

        CLASS   BANK15         

        CLASS   SFR            

        CLASS   FARRAM         

        CLASS   CONFIG         
                config                           300000   300000        E         0

        CLASS   IDLOC          
                idloc                            200000   200000        8         0

        CLASS   EEDATA         



SEGMENTS        Name                           Load    Length   Top    Selector   Space  Class

                reset_vec                      000000  000004  000004         0       0  CODE    
                cstackCOMRAM                   000001  000052  000053         1       1  COMRAM  
                intcode                        000008  00019C  0001A4         4       0  CODE    
                cstackBANK0                    000060  000024  000084        60       1  BANK0   
                smallconst                     001000  00001C  00101C       800       0  SMALLCON
                text10                         00101C  0007C0  0017DC       80E       0  CODE    
                idloc                          200000  000008  200008    200000       0  IDLOC   
                config                         300000  00000E  30000E    300000       0  CONFIG  


UNUSED ADDRESS RANGES

        Name                Unused          Largest block    Delta
        BANK0            000084-0000FF               7C
        BANK1            000100-0001FF              100
        BANK10           000A00-000AFF              100
        BANK11           000B00-000BFF              100
        BANK12           000C00-000CFF              100
        BANK13           000D00-000DFF              100
        BANK14           000E00-000EFF              100
        BANK15           000F00-000F37               38
        BANK2            000200-0002FF              100
        BANK3            000300-0003FF              100
        BANK4            000400-0004FF              100
        BANK5            000500-0005FF              100
        BANK6            000600-0006FF              100
        BANK7            000700-0007FF              100
        BANK8            000800-0008FF              100
        BANK9            000900-0009FF              100
        BIGRAM           000053-00005F                D
                         000084-000F37              EB4
        CODE             000004-000007                4
                         0001A4-000FFF              E5C
                         0017DC-00FFFF             E824
        COMRAM           000053-00005F                D
        CONST            000004-000007                4
                         0001A4-000FFF              E5C
                         0017DC-00FFFF             E824
        EEDATA           F00000-F003FF              400
        MEDIUMCONST      0017DC-00FFFF             E824
        RAM              000084-000F37              100
        SFR              000F38-000FFF               28
        SMALLCONST       0017DC-00FFFF              100
        STACK            000084-000F37              EB4

                                  Symbol Table

?___awmod                cstackBANK0  000060
?___ftadd                cstackCOMRAM 00001B
?___ftmul                cstackCOMRAM 00000C
?___ftpack               cstackCOMRAM 000001
?___fttol                cstackCOMRAM 000027
?___lwtoft               cstackCOMRAM 000009
?_printf                 cstackBANK0  000061
IT@percent               bssCOMRAM    00004A
_ADIF                    (abs)        007CF6
_ANSELB                  (abs)        000F39
_ANSELD                  (abs)        000F3B
_EEADR                   (abs)        000FA9
_EECON1bits              (abs)        000FA6
_EEDATA                  (abs)        000FA8
_GIE                     (abs)        007F97
_INTCON                  (abs)        000FF2
_IT                      intcode      000008
_LATA0                   (abs)        007C48
_LATA1                   (abs)        007C49
_LATB                    (abs)        000F8A
_LATB3                   (abs)        007C53
_LATB4                   (abs)        007C54
_LATB5                   (abs)        007C55
_LATD                    (abs)        000F8C
_OSCCON                  (abs)        000FD3
_PIR3bits                (abs)        000FA4
_PORTC                   (abs)        000F82
_RCREG2                  (abs)        000F74
_RCSTA2                  (abs)        000F71
_RCSTA2bits              (abs)        000F71
_RD                      (abs)        007D30
_SPBRG2                  (abs)        000F75
_T0CON                   (abs)        000FD5
_TMR0                    (abs)        000FD6
_TMR0IF                  (abs)        007F92
_TRISB                   (abs)        000F93
_TRISD                   (abs)        000F95
_TXREG2                  (abs)        000F73
_TXSTA2                  (abs)        000F72
_TXSTA2bits              (abs)        000F72
_WR                      (abs)        007D31
_WREN                    (abs)        007D32
__CFG_CPD$OFF            (abs)        000000
__CFG_FCMEN$ON           (abs)        000000
__CFG_FOSC$INTIO7        (abs)        000000
__CFG_MCLRE$EXTMCLR      (abs)        000000
__CFG_WDTEN$OFF          (abs)        000000
__HRAM                   (abs)        000000
__Habs1                  abs1         000000
__Hbank0                 bank0        000000
__Hbank1                 bank1        000000
__Hbank10                bank10       000000
__Hbank11                bank11       000000
__Hbank12                bank12       000000
__Hbank13                bank13       000000
__Hbank14                bank14       000000
__Hbank15                bank15       000000
__Hbank2                 bank2        000000
__Hbank3                 bank3        000000
__Hbank4                 bank4        000000
__Hbank5                 bank5        000000
__Hbank6                 bank6        000000
__Hbank7                 bank7        000000
__Hbank8                 bank8        000000
__Hbank9                 bank9        000000
__Hbigbss                bigbss       000000
__Hbigdata               bigdata      000000
__Hbigram                bigram       000000
__Hbss                   bss          000000
__HbssBANK0              bssBANK0     000000
__HbssCOMRAM             bssCOMRAM    000000
__Hcinit                 cinit        000000
__Hclrtext               clrtext      000000
__Hcomram                comram       000000
__Hconfig                config       30000E
__Hconst                 const        000000
__HcstackBANK0           cstackBANK0  000000
__HcstackCOMRAM          cstackCOMRAM 000000
__Hdata                  data         000000
__Heeprom_data           eeprom_data  000000
__Hfarbss                farbss       000000
__Hfardata               fardata      000000
__Hibigdata              ibigdata     000000
__Hidata                 idata        000000
__Hidloc                 idloc        200008
__Hifardata              ifardata     000000
__Hinit                  init         0001A4
__Hintcode               intcode      0001A0
__Hintcode_body          intcode_body 000000
__Hintcodelo             intcodelo    0001A0
__Hintentry              intentry     000000
__Hintret                intret       000000
__Hintsave_regs          intsave_regs 000000
__Hirdata                irdata       000000
__Hmediumconst           mediumconst  000000
__HnvFARRAM              nvFARRAM     000000
__Hnvbit                 nvbit        000000
__Hnvrram                nvrram       000000
__Hparam                 rparam       000000
__Hpowerup               powerup      0001A0
__Hram                   ram          000000
__Hramtop                ramtop       001000
__Hrbit                  rbit         000000
__Hrbss                  rbss         000000
__Hrdata                 rdata        000000
__Hreset_vec             reset_vec    000004
__Hrparam                rparam       000000
__Hsfr                   sfr          000000
__Hsmallconst            smallconst   00101C
__Hspace_0               (abs)        30000E
__Hspace_1               (abs)        000084
__Hspace_2               (abs)        000000
__Hstack                 stack        000000
__Hstruct                struct       000000
__Htemp                  temp         000053
__Htext                  text         000000
__Htext0                 text0        000000
__Htext1                 text1        000000
__Htext10                text10       000000
__Htext11                text11       000000
__Htext2                 text2        000000
__Htext3                 text3        000000
__Htext4                 text4        000000
__Htext5                 text5        000000
__Htext7                 text7        000000
__Htext8                 text8        000000
__Htext9                 text9        000000
__LRAM                   (abs)        000001
__Labs1                  abs1         000000
__Lbank0                 bank0        000000
__Lbank1                 bank1        000000
__Lbank10                bank10       000000
__Lbank11                bank11       000000
__Lbank12                bank12       000000
__Lbank13                bank13       000000
__Lbank14                bank14       000000
__Lbank15                bank15       000000
__Lbank2                 bank2        000000
__Lbank3                 bank3        000000
__Lbank4                 bank4        000000
__Lbank5                 bank5        000000
__Lbank6                 bank6        000000
__Lbank7                 bank7        000000
__Lbank8                 bank8        000000
__Lbank9                 bank9        000000
__Lbigbss                bigbss       000000
__Lbigdata               bigdata      000000
__Lbigram                bigram       000000
__Lbss                   bss          000000
__LbssBANK0              bssBANK0     000000
__LbssCOMRAM             bssCOMRAM    000000
__Lcinit                 cinit        000000
__Lclrtext               clrtext      000000
__Lcomram                comram       000000
__Lconfig                config       300000
__Lconst                 const        000000
__LcstackBANK0           cstackBANK0  000000
__LcstackCOMRAM          cstackCOMRAM 000000
__Ldata                  data         000000
__Leeprom_data           eeprom_data  000000
__Lfarbss                farbss       000000
__Lfardata               fardata      000000
__Libigdata              ibigdata     000000
__Lidata                 idata        000000
__Lidloc                 idloc        200000
__Lifardata              ifardata     000000
__Linit                  init         0001A0
__Lintcode               intcode      000008
__Lintcode_body          intcode_body 000000
__Lintcodelo             intcodelo    0001A0
__Lintentry              intentry     000000
__Lintret                intret       000000
__Lintsave_regs          intsave_regs 000000
__Lirdata                irdata       000000
__Lmediumconst           mediumconst  000000
__LnvFARRAM              nvFARRAM     000000
__Lnvbit                 nvbit        000000
__Lnvrram                nvrram       000000
__Lparam                 rparam       000000
__Lpowerup               powerup      0001A0
__Lram                   ram          000000
__Lramtop                ramtop       001000
__Lrbit                  rbit         000000
__Lrbss                  rbss         000000
__Lrdata                 rdata        000000
__Lreset_vec             reset_vec    000000
__Lrparam                rparam       000000
__Lsfr                   sfr          000000
__Lsmallconst            smallconst   001000
__Lspace_0               (abs)        000000
__Lspace_1               (abs)        000000
__Lspace_2               (abs)        000000
__Lstack                 stack        000000
__Lstruct                struct       000000
__Ltemp                  temp         000052
__Ltext                  text         000000
__Ltext0                 text0        000000
__Ltext1                 text1        000000
__Ltext10                text10       000000
__Ltext11                text11       000000
__Ltext2                 text2        000000
__Ltext3                 text3        000000
__Ltext4                 text4        000000
__Ltext5                 text5        000000
__Ltext7                 text7        000000
__Ltext8                 text8        000000
__Ltext9                 text9        000000
__S0                     (abs)        30000E
__S1                     (abs)        000084
__S2                     (abs)        000000
___awmod                 text5        0016C2
___awmod@counter         cstackBANK0  000064
___awmod@dividend        cstackBANK0  000060
___awmod@divisor         cstackBANK0  000062
___awmod@sign            cstackBANK0  000065
___ftadd                 text10       00101C
___ftadd@exp1            cstackCOMRAM 000026
___ftadd@exp2            cstackCOMRAM 000025
___ftadd@f1              cstackCOMRAM 00001B
___ftadd@f2              cstackCOMRAM 00001E
___ftadd@sign            cstackCOMRAM 000024
___ftmul                 text9        0013B8
___ftmul@cntr            cstackCOMRAM 000019
___ftmul@exp             cstackCOMRAM 000015
___ftmul@f1              cstackCOMRAM 00000C
___ftmul@f2              cstackCOMRAM 00000F
___ftmul@f3_as_product   cstackCOMRAM 000016
___ftmul@sign            cstackCOMRAM 00001A
___ftpack                text11       001592
___ftpack@arg            cstackCOMRAM 000001
___ftpack@exp            cstackCOMRAM 000004
___ftpack@sign           cstackCOMRAM 000005
___fttol                 text8        0012C4
___fttol@exp1            cstackCOMRAM 000035
___fttol@f1              cstackCOMRAM 000027
___fttol@lval            cstackCOMRAM 000031
___fttol@sign1           cstackCOMRAM 000030
___inthi_sp              stack        000000
___intlo_sp              stack        000000
___lwtoft                text7        001788
___lwtoft@c              cstackCOMRAM 000009
___param_bank            (abs)        000000
___rparam_used           (abs)        000001
___sp                    stack        000000
__accesstop              (abs)        000060
__activetblptr           (abs)        000003
__end_of_IT              intcode      0001A0
__end_of___awmod         text5        001734
__end_of___ftadd         text10       0011C8
__end_of___ftmul         text9        0014AC
__end_of___ftpack        text11       001640
__end_of___fttol         text8        0013B8
__end_of___lwtoft        text7        0017AC
__end_of__initialization cinit        0017C4
__end_of_containsStr     text4        0012C4
__end_of_init            text3        001788
__end_of_main            text0        0016C2
__end_of_printf          text1        001592
__end_of_putch           text2        0017DC
__initialization         cinit        0017AC
__mediumconst            mediumconst  000000
__pbssBANK0              bssBANK0     000079
__pbssCOMRAM             bssCOMRAM    000048
__pcinit                 cinit        0017AC
__pcstackBANK0           cstackBANK0  000060
__pcstackCOMRAM          cstackCOMRAM 000001
__pintcode               intcode      000008
__psmallconst            smallconst   001000
__ptext0                 text0        001640
__ptext1                 text1        0014AC
__ptext10                text10       00101C
__ptext11                text11       001592
__ptext2                 text2        0017CE
__ptext3                 text3        001734
__ptext4                 text4        0011C8
__ptext5                 text5        0016C2
__ptext7                 text7        001788
__ptext8                 text8        0012C4
__ptext9                 text9        0013B8
__ramtop                 ramtop       001000
__size_of_IT             (abs)        000000
__size_of___awmod        (abs)        000000
__size_of___ftadd        (abs)        000000
__size_of___ftmul        (abs)        000000
__size_of___ftpack       (abs)        000000
__size_of___fttol        (abs)        000000
__size_of___lwtoft       (abs)        000000
__size_of_containsStr    (abs)        000000
__size_of_init           (abs)        000000
__size_of_main           (abs)        000000
__size_of_printf         (abs)        000000
__size_of_putch          (abs)        000000
__smallconst             smallconst   001000
_blueDutyCycle           bssCOMRAM    00004E
_containsStr             text4        0011C8
_greenDutyCycle          bssCOMRAM    00004D
_init                    text3        001734
_intensity               bssCOMRAM    00004B
_lastADCvalue            bssCOMRAM    000048
_lastCharIndex           bssBANK0     000079
_main                    text0        001640
_message                 bssBANK0     00007A
_printf                  text1        0014AC
_putch                   text2        0017CE
_pwmEnabled              bssCOMRAM    00004C
_pwmFreq                 bssCOMRAM    000050
_redDutyCycle            bssCOMRAM    00004F
btemp                    temp         000052
containsStr@command      cstackBANK0  000068
containsStr@i            cstackBANK0  000072
containsStr@j            cstackBANK0  000071
containsStr@message      cstackBANK0  000066
end_of_initialization    cinit        0017C4
init@i                   cstackBANK0  000060
int$flags                temp         000052
intlevel0                text         000000
intlevel1                text         000000
intlevel2                text         000000
intlevel3                text         000000
main@flag                cstackBANK0  000077
main@lastchar            cstackBANK0  000075
printf@ap                cstackBANK0  000066
printf@c                 cstackBANK0  000068
printf@cp                cstackBANK0  000069
printf@f                 cstackBANK0  000061
printf@flag              cstackBANK0  000065
putch@c                  cstackBANK0  000060
stackhi                  (abs)        000F37
stacklo                  (abs)        000084
start                    init         0001A0
start_initialization     cinit        0017AC
wtemp6                   temp         000053


FUNCTION INFORMATION:

 *************** function _main *****************
 Defined at:
		line 42 in file "main.c"
 Parameters:    Size  Location     Type
		None
 Auto vars:     Size  Location     Type
  flag            2   23[BANK0 ] int 
  lastchar        2   21[BANK0 ] int 
 Return value:  Size  Location     Type
                  1    wreg      void 
 Registers used:
		wreg, fsr2l, fsr2h, status,2, status,0, tblptrl, tblptrh, tblptru, prodl, prodh, cstack
 Tracked objects:
		On entry : 
		On exit  : 
		Unchanged: 
 Data sizes:     COMRAM   BANK0   BANK1   BANK2   BANK3   BANK4   BANK5   BANK6   BANK7   BANK8   BANK9  BANK10  BANK11  BANK12  BANK13  BANK14  BANK15
      Params:         0       0       0       0       0       0       0       0       0       0       0       0       0       0       0       0       0
      Locals:         0       4       0       0       0       0       0       0       0       0       0       0       0       0       0       0       0
      Temps:          0       2       0       0       0       0       0       0       0       0       0       0       0       0       0       0       0
      Totals:         0       6       0       0       0       0       0       0       0       0       0       0       0       0       0       0       0
Total ram usage:        6 bytes
 Hardware stack levels required when called:    5
 This function calls:
		_containsStr
		_init
		_printf
 This function is called by:
		Startup code after reset
 This function uses a non-reentrant model


 *************** function _printf *****************
 Defined at:
		line 464 in file "C:\Program Files (x86)\Microchip\xc8\v1.45\sources\common\doprnt.c"
 Parameters:    Size  Location     Type
  f               2    1[BANK0 ] PTR const unsigned char 
		 -> STR_3(6), STR_1(6), 
 Auto vars:     Size  Location     Type
  tmpval          4    0        struct .
  cp              2    9[BANK0 ] PTR const unsigned char 
		 -> STR_4(7), message(10), 
  ap              2    6[BANK0 ] PTR void [1]
		 -> ?_printf(2), 
  len             2    0        unsigned int 
  val             2    0        unsigned int 
  c               1    8[BANK0 ] char 
  flag            1    5[BANK0 ] unsigned char 
  prec            1    0        char 
 Return value:  Size  Location     Type
                  2    1[BANK0 ] int 
 Registers used:
		wreg, fsr2l, fsr2h, status,2, status,0, tblptrl, tblptrh, tblptru, cstack
 Tracked objects:
		On entry : 
		On exit  : 
		Unchanged: 
 Data sizes:     COMRAM   BANK0   BANK1   BANK2   BANK3   BANK4   BANK5   BANK6   BANK7   BANK8   BANK9  BANK10  BANK11  BANK12  BANK13  BANK14  BANK15
      Params:         0       4       0       0       0       0       0       0       0       0       0       0       0       0       0       0       0
      Locals:         0       6       0       0       0       0       0       0       0       0       0       0       0       0       0       0       0
      Temps:          0       0       0       0       0       0       0       0       0       0       0       0       0       0       0       0       0
      Totals:         0      10       0       0       0       0       0       0       0       0       0       0       0       0       0       0       0
Total ram usage:       10 bytes
 Hardware stack levels used:    1
 Hardware stack levels required when called:    4
 This function calls:
		_putch
 This function is called by:
		_main
 This function uses a non-reentrant model


 *************** function _putch *****************
 Defined at:
		line 159 in file "../../Desktop/LampoidAPI/lampaAPI.c"
 Parameters:    Size  Location     Type
  c               1    wreg     unsigned char 
 Auto vars:     Size  Location     Type
  c               1    0[BANK0 ] unsigned char 
 Return value:  Size  Location     Type
                  1    wreg      void 
 Registers used:
		wreg
 Tracked objects:
		On entry : 
		On exit  : 
		Unchanged: 
 Data sizes:     COMRAM   BANK0   BANK1   BANK2   BANK3   BANK4   BANK5   BANK6   BANK7   BANK8   BANK9  BANK10  BANK11  BANK12  BANK13  BANK14  BANK15
      Params:         0       0       0       0       0       0       0       0       0       0       0       0       0       0       0       0       0
      Locals:         0       1       0       0       0       0       0       0       0       0       0       0       0       0       0       0       0
      Temps:          0       0       0       0       0       0       0       0       0       0       0       0       0       0       0       0       0
      Totals:         0       1       0       0       0       0       0       0       0       0       0       0       0       0       0       0       0
Total ram usage:        1 bytes
 Hardware stack levels used:    1
 Hardware stack levels required when called:    3
 This function calls:
		Nothing
 This function is called by:
		_printf
 This function uses a non-reentrant model


 *************** function _init *****************
 Defined at:
		line 6 in file "../../Desktop/LampoidAPI/lampaAPI.c"
 Parameters:    Size  Location     Type
		None
 Auto vars:     Size  Location     Type
  i               1    0[BANK0 ] unsigned char 
 Return value:  Size  Location     Type
                  1    wreg      void 
 Registers used:
		wreg, fsr2l, fsr2h, status,2, status,0, prodl, prodh
 Tracked objects:
		On entry : 
		On exit  : 
		Unchanged: 
 Data sizes:     COMRAM   BANK0   BANK1   BANK2   BANK3   BANK4   BANK5   BANK6   BANK7   BANK8   BANK9  BANK10  BANK11  BANK12  BANK13  BANK14  BANK15
      Params:         0       0       0       0       0       0       0       0       0       0       0       0       0       0       0       0       0
      Locals:         0       1       0       0       0       0       0       0       0       0       0       0       0       0       0       0       0
      Temps:          0       0       0       0       0       0       0       0       0       0       0       0       0       0       0       0       0
      Totals:         0       1       0       0       0       0       0       0       0       0       0       0       0       0       0       0       0
Total ram usage:        1 bytes
 Hardware stack levels used:    1
 Hardware stack levels required when called:    3
 This function calls:
		Nothing
 This function is called by:
		_main
 This function uses a non-reentrant model


 *************** function _containsStr *****************
 Defined at:
		line 23 in file "main.c"
 Parameters:    Size  Location     Type
  message         2    6[BANK0 ] PTR unsigned char 
		 -> message(10), 
  command         2    8[BANK0 ] PTR const unsigned char 
		 -> STR_2(7), 
 Auto vars:     Size  Location     Type
  i               1   18[BANK0 ] unsigned char 
  j               1   17[BANK0 ] unsigned char 
 Return value:  Size  Location     Type
                  1    wreg      unsigned char 
 Registers used:
		wreg, fsr2l, fsr2h, status,2, status,0, tblptrl, tblptrh, tblptru, prodl, prodh, cstack
 Tracked objects:
		On entry : 
		On exit  : 
		Unchanged: 
 Data sizes:     COMRAM   BANK0   BANK1   BANK2   BANK3   BANK4   BANK5   BANK6   BANK7   BANK8   BANK9  BANK10  BANK11  BANK12  BANK13  BANK14  BANK15
      Params:         0       4       0       0       0       0       0       0       0       0       0       0       0       0       0       0       0
      Locals:         0       2       0       0       0       0       0       0       0       0       0       0       0       0       0       0       0
      Temps:          0       7       0       0       0       0       0       0       0       0       0       0       0       0       0       0       0
      Totals:         0      13       0       0       0       0       0       0       0       0       0       0       0       0       0       0       0
Total ram usage:       13 bytes
 Hardware stack levels used:    1
 Hardware stack levels required when called:    4
 This function calls:
		___awmod
 This function is called by:
		_main
 This function uses a non-reentrant model


 *************** function ___awmod *****************
 Defined at:
		line 8 in file "C:\Program Files (x86)\Microchip\xc8\v1.45\sources\common\awmod.c"
 Parameters:    Size  Location     Type
  dividend        2    0[BANK0 ] int 
  divisor         2    2[BANK0 ] int 
 Auto vars:     Size  Location     Type
  sign            1    5[BANK0 ] unsigned char 
  counter         1    4[BANK0 ] unsigned char 
 Return value:  Size  Location     Type
                  2    0[BANK0 ] int 
 Registers used:
		wreg, status,2, status,0
 Tracked objects:
		On entry : 
		On exit  : 
		Unchanged: 
 Data sizes:     COMRAM   BANK0   BANK1   BANK2   BANK3   BANK4   BANK5   BANK6   BANK7   BANK8   BANK9  BANK10  BANK11  BANK12  BANK13  BANK14  BANK15
      Params:         0       4       0       0       0       0       0       0       0       0       0       0       0       0       0       0       0
      Locals:         0       2       0       0       0       0       0       0       0       0       0       0       0       0       0       0       0
      Temps:          0       0       0       0       0       0       0       0       0       0       0       0       0       0       0       0       0
      Totals:         0       6       0       0       0       0       0       0       0       0       0       0       0       0       0       0       0
Total ram usage:        6 bytes
 Hardware stack levels used:    1
 Hardware stack levels required when called:    3
 This function calls:
		Nothing
 This function is called by:
		_containsStr
 This function uses a non-reentrant model


 *************** function _IT *****************
 Defined at:
		line 112 in file "../../Desktop/LampoidAPI/lampaAPI.c"
 Parameters:    Size  Location     Type
		None
 Auto vars:     Size  Location     Type
		None
 Return value:  Size  Location     Type
                  1    wreg      void 
 Registers used:
		wreg, fsr2l, fsr2h, status,2, status,0, prodl, prodh, cstack
 Tracked objects:
		On entry : 
		On exit  : 
		Unchanged: 
 Data sizes:     COMRAM   BANK0   BANK1   BANK2   BANK3   BANK4   BANK5   BANK6   BANK7   BANK8   BANK9  BANK10  BANK11  BANK12  BANK13  BANK14  BANK15
      Params:         0       0       0       0       0       0       0       0       0       0       0       0       0       0       0       0       0
      Locals:         0       0       0       0       0       0       0       0       0       0       0       0       0       0       0       0       0
      Temps:         18       0       0       0       0       0       0       0       0       0       0       0       0       0       0       0       0
      Totals:        18       0       0       0       0       0       0       0       0       0       0       0       0       0       0       0       0
Total ram usage:       18 bytes
 Hardware stack levels used:    1
 Hardware stack levels required when called:    2
 This function calls:
		___ftadd
		___ftmul
		___fttol
		___lwtoft
 This function is called by:
		Interrupt level 2
 This function uses a non-reentrant model


 *************** function ___lwtoft *****************
 Defined at:
		line 28 in file "C:\Program Files (x86)\Microchip\xc8\v1.45\sources\common\lwtoft.c"
 Parameters:    Size  Location     Type
  c               2    8[COMRAM] unsigned int 
 Auto vars:     Size  Location     Type
		None
 Return value:  Size  Location     Type
                  3    8[COMRAM] float 
 Registers used:
		wreg, status,2, status,0, cstack
 Tracked objects:
		On entry : 
		On exit  : 
		Unchanged: 
 Data sizes:     COMRAM   BANK0   BANK1   BANK2   BANK3   BANK4   BANK5   BANK6   BANK7   BANK8   BANK9  BANK10  BANK11  BANK12  BANK13  BANK14  BANK15
      Params:         3       0       0       0       0       0       0       0       0       0       0       0       0       0       0       0       0
      Locals:         0       0       0       0       0       0       0       0       0       0       0       0       0       0       0       0       0
      Temps:          0       0       0       0       0       0       0       0       0       0       0       0       0       0       0       0       0
      Totals:         3       0       0       0       0       0       0       0       0       0       0       0       0       0       0       0       0
Total ram usage:        3 bytes
 Hardware stack levels used:    1
 Hardware stack levels required when called:    1
 This function calls:
		___ftpack
 This function is called by:
		_IT
 This function uses a non-reentrant model


 *************** function ___fttol *****************
 Defined at:
		line 44 in file "C:\Program Files (x86)\Microchip\xc8\v1.45\sources\common\fttol.c"
 Parameters:    Size  Location     Type
  f1              3   38[COMRAM] float 
 Auto vars:     Size  Location     Type
  lval            4   48[COMRAM] unsigned long 
  exp1            1   52[COMRAM] unsigned char 
  sign1           1   47[COMRAM] unsigned char 
 Return value:  Size  Location     Type
                  4   38[COMRAM] long 
 Registers used:
		wreg, status,2, status,0
 Tracked objects:
		On entry : 
		On exit  : 
		Unchanged: 
 Data sizes:     COMRAM   BANK0   BANK1   BANK2   BANK3   BANK4   BANK5   BANK6   BANK7   BANK8   BANK9  BANK10  BANK11  BANK12  BANK13  BANK14  BANK15
      Params:         4       0       0       0       0       0       0       0       0       0       0       0       0       0       0       0       0
      Locals:         6       0       0       0       0       0       0       0       0       0       0       0       0       0       0       0       0
      Temps:          5       0       0       0       0       0       0       0       0       0       0       0       0       0       0       0       0
      Totals:        15       0       0       0       0       0       0       0       0       0       0       0       0       0       0       0       0
Total ram usage:       15 bytes
 Hardware stack levels used:    1
 This function calls:
		Nothing
 This function is called by:
		_IT
 This function uses a non-reentrant model


 *************** function ___ftmul *****************
 Defined at:
		line 62 in file "C:\Program Files (x86)\Microchip\xc8\v1.45\sources\common\ftmul.c"
 Parameters:    Size  Location     Type
  f1              3   11[COMRAM] float 
  f2              3   14[COMRAM] float 
 Auto vars:     Size  Location     Type
  f3_as_produc    3   21[COMRAM] unsigned um
  sign            1   25[COMRAM] unsigned char 
  cntr            1   24[COMRAM] unsigned char 
  exp             1   20[COMRAM] unsigned char 
 Return value:  Size  Location     Type
                  3   11[COMRAM] float 
 Registers used:
		wreg, status,2, status,0, cstack
 Tracked objects:
		On entry : 
		On exit  : 
		Unchanged: 
 Data sizes:     COMRAM   BANK0   BANK1   BANK2   BANK3   BANK4   BANK5   BANK6   BANK7   BANK8   BANK9  BANK10  BANK11  BANK12  BANK13  BANK14  BANK15
      Params:         6       0       0       0       0       0       0       0       0       0       0       0       0       0       0       0       0
      Locals:         6       0       0       0       0       0       0       0       0       0       0       0       0       0       0       0       0
      Temps:          3       0       0       0       0       0       0       0       0       0       0       0       0       0       0       0       0
      Totals:        15       0       0       0       0       0       0       0       0       0       0       0       0       0       0       0       0
Total ram usage:       15 bytes
 Hardware stack levels used:    1
 Hardware stack levels required when called:    1
 This function calls:
		___ftpack
 This function is called by:
		_IT
 This function uses a non-reentrant model


 *************** function ___ftadd *****************
 Defined at:
		line 86 in file "C:\Program Files (x86)\Microchip\xc8\v1.45\sources\common\ftadd.c"
 Parameters:    Size  Location     Type
  f1              3   26[COMRAM] float 
  f2              3   29[COMRAM] float 
 Auto vars:     Size  Location     Type
  exp1            1   37[COMRAM] unsigned char 
  exp2            1   36[COMRAM] unsigned char 
  sign            1   35[COMRAM] unsigned char 
 Return value:  Size  Location     Type
                  3   26[COMRAM] float 
 Registers used:
		wreg, status,2, status,0, cstack
 Tracked objects:
		On entry : 
		On exit  : 
		Unchanged: 
 Data sizes:     COMRAM   BANK0   BANK1   BANK2   BANK3   BANK4   BANK5   BANK6   BANK7   BANK8   BANK9  BANK10  BANK11  BANK12  BANK13  BANK14  BANK15
      Params:         6       0       0       0       0       0       0       0       0       0       0       0       0       0       0       0       0
      Locals:         3       0       0       0       0       0       0       0       0       0       0       0       0       0       0       0       0
      Temps:          3       0       0       0       0       0       0       0       0       0       0       0       0       0       0       0       0
      Totals:        12       0       0       0       0       0       0       0       0       0       0       0       0       0       0       0       0
Total ram usage:       12 bytes
 Hardware stack levels used:    1
 Hardware stack levels required when called:    1
 This function calls:
		___ftpack
 This function is called by:
		_IT
 This function uses a non-reentrant model


 *************** function ___ftpack *****************
 Defined at:
		line 62 in file "C:\Program Files (x86)\Microchip\xc8\v1.45\sources\common\float.c"
 Parameters:    Size  Location     Type
  arg             3    0[COMRAM] unsigned um
  exp             1    3[COMRAM] unsigned char 
  sign            1    4[COMRAM] unsigned char 
 Auto vars:     Size  Location     Type
		None
 Return value:  Size  Location     Type
                  3    0[COMRAM] float 
 Registers used:
		wreg, status,2, status,0
 Tracked objects:
		On entry : 
		On exit  : 
		Unchanged: 
 Data sizes:     COMRAM   BANK0   BANK1   BANK2   BANK3   BANK4   BANK5   BANK6   BANK7   BANK8   BANK9  BANK10  BANK11  BANK12  BANK13  BANK14  BANK15
      Params:         5       0       0       0       0       0       0       0       0       0       0       0       0       0       0       0       0
      Locals:         0       0       0       0       0       0       0       0       0       0       0       0       0       0       0       0       0
      Temps:          3       0       0       0       0       0       0       0       0       0       0       0       0       0       0       0       0
      Totals:         8       0       0       0       0       0       0       0       0       0       0       0       0       0       0       0       0
Total ram usage:        8 bytes
 Hardware stack levels used:    1
 This function calls:
		Nothing
 This function is called by:
		___ftadd
		___ftmul
		___lwtoft
 This function uses a non-reentrant model



MODULE INFORMATION

Module		Function		Class		Link	Load	Size
C:\Program Files (x86)\Microchip\xc8\v1.45\sources\common\float.c
		___ftpack      		CODE           	1592	0000	175

C:\Program Files (x86)\Microchip\xc8\v1.45\sources\common\float.c estimated size: 175

C:\Program Files (x86)\Microchip\xc8\v1.45\sources\common\doprnt.c
		_printf        		CODE           	14AC	0000	231

C:\Program Files (x86)\Microchip\xc8\v1.45\sources\common\doprnt.c estimated size: 231

C:\Program Files (x86)\Microchip\xc8\v1.45\sources\common\ftmul.c
		___ftmul       		CODE           	13B8	0000	245

C:\Program Files (x86)\Microchip\xc8\v1.45\sources\common\ftmul.c estimated size: 245

C:\Program Files (x86)\Microchip\xc8\v1.45\sources\common\awmod.c
		___awmod       		CODE           	16C2	0000	115

C:\Program Files (x86)\Microchip\xc8\v1.45\sources\common\awmod.c estimated size: 115

shared
		__initialization		CODE           	17AC	0000	25

shared estimated size: 25

../../Desktop/LampoidAPI/lampaAPI.c
		_init          		CODE           	1734	0000	85
		_putch         		CODE           	17CE	0000	15
		_IT            		CODE           	0008	0000	409

../../Desktop/LampoidAPI/lampaAPI.c estimated size: 509

C:\Program Files (x86)\Microchip\xc8\v1.45\sources\common\fttol.c
		___fttol       		CODE           	12C4	0000	245

C:\Program Files (x86)\Microchip\xc8\v1.45\sources\common\fttol.c estimated size: 245

C:\Program Files (x86)\Microchip\xc8\v1.45\sources\common\ftadd.c
		___ftadd       		CODE           	101C	0000	429

C:\Program Files (x86)\Microchip\xc8\v1.45\sources\common\ftadd.c estimated size: 429

main.c
		_main          		CODE           	1640	0000	131
		_containsStr   		CODE           	11C8	0000	253

main.c estimated size: 384

C:\Program Files (x86)\Microchip\xc8\v1.45\sources\common\lwtoft.c
		___lwtoft      		CODE           	1788	0000	37

C:\Program Files (x86)\Microchip\xc8\v1.45\sources\common\lwtoft.c estimated size: 37

